<html>
<body>
<pre>
<h1>µVision Build Log</h1>
<h2>Tool Versions:</h2>
IDE-Version: ¦ÌVision V5.31.0.0
Copyright (C) 2020 ARM Ltd and ARM Germany GmbH. All rights reserved.
License Information: 11 dell, 1, LIC=DSNXV-PIZKB-D37M3-AK2UF-GD9AK-QYKB7
 
Tool Versions:
Toolchain:       MDK-ARM Professional  Version: 5.31.0.0
Toolchain Path:  C:\Keil_v5\ARM\ARMCC\Bin
C Compiler:      Armcc.exe V5.06 update 6 (build 750)
Assembler:       Armasm.exe V5.06 update 6 (build 750)
Linker/Locator:  ArmLink.exe V5.06 update 6 (build 750)
Library Manager: ArmAr.exe V5.06 update 6 (build 750)
Hex Converter:   FromElf.exe V5.06 update 6 (build 750)
CPU DLL:         SARMCM3.DLL V5.31.0.0
Dialog DLL:      DCM.DLL V1.17.3.0
Target DLL:      CMSIS_AGDI.dll V1.32.6.0
Dialog DLL:      TCM.DLL V1.46.0.0
 
<h2>Project:</h2>
E:\code\MPU6050\MDK-ARM\MPU6050.uvprojx
Project File Date:  03/21/2024

<h2>Output:</h2>
*** Using Compiler 'V5.06 update 6 (build 750)', folder: 'C:\Keil_v5\ARM\ARMCC\Bin'
Build target 'MPU6050'
compiling main.c...
../Core/Src/main.c(88): warning:  #177-D: variable "i"  was declared but never referenced
      int i = 0, j = 0;
../Core/Src/main.c(88): warning:  #177-D: variable "j"  was declared but never referenced
      int i = 0, j = 0;
../Core/Src/main.c(148): warning:  #550-D: variable "ACCEL_XOUT"  was set but never used
      double ACCEL_XOUT = 0.0,ACCEL_YOUT =0.0,ACCEL_ZOUT=0.0;
../Core/Src/main.c(148): warning:  #550-D: variable "ACCEL_YOUT"  was set but never used
      double ACCEL_XOUT = 0.0,ACCEL_YOUT =0.0,ACCEL_ZOUT=0.0;
../Core/Src/main.c(148): warning:  #550-D: variable "ACCEL_ZOUT"  was set but never used
      double ACCEL_XOUT = 0.0,ACCEL_YOUT =0.0,ACCEL_ZOUT=0.0;
../Core/Src/main.c: 5 warnings, 0 errors
linking...
Program Size: Code=9652 RO-data=312 RW-data=20 ZI-data=1180  
FromELF: creating hex file...
"MPU6050\MPU6050.axf" - 0 Error(s), 5 Warning(s).

<h2>Software Packages used:</h2>

Package Vendor: ARM
                http://www.keil.com/pack/ARM.CMSIS.5.7.0.pack
                ARM.CMSIS.5.7.0
                CMSIS (Cortex Microcontroller Software Interface Standard)
   * Component: CORE Version: 5.4.0

Package Vendor: Keil
                http://www.keil.com/pack/Keil.STM32F1xx_DFP.2.3.0.pack
                Keil.STM32F1xx_DFP.2.3.0
                STMicroelectronics STM32F1 Series Device Support, Drivers and Examples

<h2>Collection of Component include folders:</h2>
  .\RTE\_MPU6050
  C:\Users\dell\AppData\Local\Arm\Packs\ARM\CMSIS\5.7.0\CMSIS\Core\Include
  C:\Users\dell\AppData\Local\Arm\Packs\Keil\STM32F1xx_DFP\2.3.0\Device\Include

<h2>Collection of Component Files used:</h2>

   * Component: ARM::CMSIS:CORE:5.4.0
      Include file:  CMSIS\Core\Include\tz_context.h
Build Time Elapsed:  00:00:01
</pre>
</body>
</html>
